// Jest Snapshot v1, https://goo.gl/fbAQLP

exports[`Button component snapshot 1`] = `
<button
  class="btn btn-primary"
  data-testid="button"
  type="button"
/>
`;
